â± python
Python 2.7.10 (default, Oct  6 2017, 22:29:07)
[GCC 4.2.1 Compatible Apple LLVM 9.0.0 (clang-900.0.31)] on darwin
Type "help", "copyright", "credits" or "license" for more information.
>>> origin = (0, 0)
>>> origin
(0, 0)
>>> another_origin = (0, 0)
>>> another_origin
(0, 0)
False
>>> origin == another_origin
True
>>> origin is another_origin
False
>>> origin2 = origin
>>> origin2 is origin
True
>>> nested = (1, origin)
>>> nested
(1, (0, 0))
>>> nested[1]
(0, 0)
>>> nested2 = (1, origin)
>>> nested[1] is nested2[1]
True
>>> nested == nested2 # A: True, B: False
True
>>> nested[0] = 9
Traceback (most recent call last):
  File "<stdin>", line 1, in <module>
TypeError: 'tuple' object does not support item assignment
